*** TableMetadta test start. ***

=== class object test start. ===
--- table-metadata to read. ---
--- table ---
id : 1
name :  table_1
primary_key : 1
primary_key : 2
--- columns ---
id :  1
table id :  1
name :  column_1
ordinal position :  1
datatype id :  8
datatype name : FLOAT32
nullable :  0
direction :  1
direction : ASCENDANT
---------------
id :  2
table id :  1
name :  column_2
ordinal position :  2
datatype id :  14
datatype name : VARCHAR
data length :  8
varying :  1
nullable :  0
direction :  0
direction : DEFAULT
---------------
id :  3
table id :  1
name :  column_3
ordinal position :  3
datatype id :  13
datatype name : CHAR
data length :  1
varying :  0
nullable :  1
direction :  0
direction : DEFAULT
---------------

=== class object test done. ===

=== static functions test start. ===
--- table ---
id : 1
name :  table_1
primary_key : 1
primary_key : 2
--- columns ---
id :  1
table id :  1
name :  column_1
ordinal position :  1
datatype id :  8
datatype name : FLOAT32
nullable :  0
direction :  1
direction : ASCENDANT
---------------
id :  2
table id :  1
name :  column_2
ordinal position :  2
datatype id :  14
datatype name : VARCHAR
data length :  8
varying :  1
nullable :  0
direction :  0
direction : DEFAULT
---------------
id :  3
table id :  1
name :  column_3
ordinal position :  3
datatype id :  13
datatype name : CHAR
data length :  1
varying :  0
nullable :  1
direction :  0
direction : DEFAULT
---------------

=== static functions test done. ===

class object test     : Success
static functions test : Success

*** TableMetadta test completed. ***
