{
    "formatVersion": "1",
    "generation": "1",
    "tables": [
        {
            "name": "table_1",
            "primaryKey": [
                "1",
                "2"
            ],
            "columns": [
                {
                    "name": "column_1",
                    "ordinalPosition": "1",
                    "dataTypeId": "8",
                    "nullable": "false",
                    "direction": "1",
                    "id": "1",
                    "tableId": "1"
                },
                {
                    "name": "column_2",
                    "ordinalPosition": "2",
                    "dataTypeId": "14",
                    "dataLength": "8",
                    "varying": "true",
                    "nullable": "false",
                    "direction": "0",
                    "id": "2",
                    "tableId": "1"
                },
                {
                    "name": "column_3",
                    "ordinalPosition": "3",
                    "dataTypeId": "13",
                    "dataLength": "1",
                    "varying": "false",
                    "nullable": "true",
                    "direction": "0",
                    "id": "3",
                    "tableId": "1"
                }
            ],
            "id": "1"
        }
    ]
}
